

================================================================
== Vitis HLS Report for 'vending_machine'
================================================================
* Date:           Wed Dec 11 13:03:45 2024

* Version:        2023.1 (Build 3854077 on May  4 2023)
* Project:        Ha_Do_2407698_E5
* Solution:       solution1 (Vivado IP Flow Target)
* Product family: zynq
* Target device:  xc7z020-clg484-1


================================================================
== Performance Estimates
================================================================
+ Timing: 
    * Summary: 
    +--------+----------+----------+------------+
    |  Clock |  Target  | Estimated| Uncertainty|
    +--------+----------+----------+------------+
    |ap_clk  |  10.00 ns|  4.604 ns|     2.70 ns|
    +--------+----------+----------+------------+

+ Latency: 
    * Summary: 
    +---------+---------+----------+----------+-----+-----+---------+
    |  Latency (cycles) |  Latency (absolute) |  Interval | Pipeline|
    |   min   |   max   |    min   |    max   | min | max |   Type  |
    +---------+---------+----------+----------+-----+-----+---------+
    |        0|        0|      0 ns|      0 ns|    1|    1|       no|
    +---------+---------+----------+----------+-----+-----+---------+

    + Detail: 
        * Instance: 
        N/A

        * Loop: 
        N/A



================================================================
== Utilization Estimates
================================================================
* Summary: 
+-----------------+---------+-----+--------+-------+-----+
|       Name      | BRAM_18K| DSP |   FF   |  LUT  | URAM|
+-----------------+---------+-----+--------+-------+-----+
|DSP              |        -|    -|       -|      -|    -|
|Expression       |        -|    -|       0|     42|    -|
|FIFO             |        -|    -|       -|      -|    -|
|Instance         |        -|    -|       -|      -|    -|
|Memory           |        -|    -|       -|      -|    -|
|Multiplexer      |        -|    -|       -|    113|    -|
|Register         |        -|    -|      33|      -|    -|
+-----------------+---------+-----+--------+-------+-----+
|Total            |        0|    0|      33|    155|    0|
+-----------------+---------+-----+--------+-------+-----+
|Available        |      280|  220|  106400|  53200|    0|
+-----------------+---------+-----+--------+-------+-----+
|Utilization (%)  |        0|    0|      ~0|     ~0|    0|
+-----------------+---------+-----+--------+-------+-----+

+ Detail: 
    * Instance: 
    N/A

    * DSP: 
    N/A

    * Memory: 
    N/A

    * FIFO: 
    N/A

    * Expression: 
    +--------------------------+----------+----+---+----+------------+------------+
    |       Variable Name      | Operation| DSP| FF| LUT| Bitwidth P0| Bitwidth P1|
    +--------------------------+----------+----+---+----+------------+------------+
    |or_ln74_fu_372_p2         |        or|   0|  0|   2|           1|           1|
    |select_ln100_1_fu_429_p3  |    select|   0|  0|   4|           1|           4|
    |select_ln100_fu_437_p3    |    select|   0|  0|   3|           1|           3|
    |select_ln113_1_fu_408_p3  |    select|   0|  0|   5|           1|           3|
    |select_ln113_fu_416_p3    |    select|   0|  0|   4|           1|           4|
    |select_ln126_1_fu_387_p3  |    select|   0|  0|   4|           1|           3|
    |select_ln126_fu_395_p3    |    select|   0|  0|   4|           1|           4|
    |select_ln171_fu_378_p3    |    select|   0|  0|   4|           1|           1|
    |select_ln74_1_fu_471_p3   |    select|   0|  0|   3|           1|           2|
    |select_ln74_fu_479_p3     |    select|   0|  0|   3|           1|           3|
    |select_ln87_1_fu_450_p3   |    select|   0|  0|   3|           1|           2|
    |select_ln87_fu_458_p3     |    select|   0|  0|   3|           1|           3|
    +--------------------------+----------+----+---+----+------------+------------+
    |Total                     |          |   0|  0|  42|          12|          33|
    +--------------------------+----------+----+---+----+------------+------------+

    * Multiplexer: 
    +--------------------------------------------+----+-----------+-----+-----------+
    |                    Name                    | LUT| Input Size| Bits| Total Bits|
    +--------------------------------------------+----+-----------+-----+-----------+
    |ap_phi_mux_candy_out_local_phi_fu_256_p34   |  14|          3|    1|          3|
    |ap_phi_mux_dime_out_local_phi_fu_150_p34    |  20|          4|    2|          8|
    |ap_phi_mux_nickel_out_local_phi_fu_313_p34  |  14|          3|    1|          3|
    |ap_phi_mux_s_next_1_phi_fu_207_p34          |  65|         14|   32|        448|
    +--------------------------------------------+----+-----------+-----+-----------+
    |Total                                       | 113|         24|   36|        462|
    +--------------------------------------------+----+-----------+-----+-----------+

    * Register: 
    +-----------+----+----+-----+-----------+
    |    Name   | FF | LUT| Bits| Const Bits|
    +-----------+----+----+-----+-----------+
    |ap_CS_fsm  |   1|   0|    1|          0|
    |s          |  32|   0|   32|          0|
    +-----------+----+----+-----+-----------+
    |Total      |  33|   0|   33|          0|
    +-----------+----+----+-----+-----------+



================================================================
== Interface
================================================================
* Summary: 
+------------+-----+-----+--------------+-----------------+--------------+
|  RTL Ports | Dir | Bits|   Protocol   |  Source Object  |    C Type    |
+------------+-----+-----+--------------+-----------------+--------------+
|ap_clk      |   in|    1|  ap_ctrl_none|  vending_machine|  return value|
|ap_rst      |   in|    1|  ap_ctrl_none|  vending_machine|  return value|
|nickel_in   |   in|    1|       ap_none|        nickel_in|        scalar|
|dime_in     |   in|    1|       ap_none|          dime_in|        scalar|
|quarter_in  |   in|    1|       ap_none|       quarter_in|        scalar|
|thanks_in   |   in|    1|       ap_none|        thanks_in|        scalar|
|candy_out   |  out|    1|       ap_none|        candy_out|       pointer|
|nickel_out  |  out|    1|       ap_none|       nickel_out|       pointer|
|dime_out    |  out|    2|       ap_none|         dime_out|       pointer|
+------------+-----+-----+--------------+-----------------+--------------+

