

================================================================
== Synthesis Summary Report of 'debouncer'
================================================================
+ General Information: 
    * Date:           Wed Dec 11 12:59:18 2024
    * Version:        2023.1 (Build 3854077 on May  4 2023)
    * Project:        debouncer
    * Solution:       solution1 (Vivado IP Flow Target)
    * Product family: zynq
    * Target device:  xc7z020-clg484-1
    

+ Performance & Resource Estimates: 
    
    PS: '+' for module; 'o' for loop; '*' for dataflow
    +-------------+--------+-------+---------+--------+----------+---------+------+----------+------+----+----------+-----------+-----+
    |   Modules   |  Issue |       | Latency | Latency| Iteration|         | Trip |          |      |    |          |           |     |
    |   & Loops   |  Type  | Slack | (cycles)|  (ns)  |  Latency | Interval| Count| Pipelined| BRAM | DSP|    FF    |    LUT    | URAM|
    +-------------+--------+-------+---------+--------+----------+---------+------+----------+------+----+----------+-----------+-----+
    |+ debouncer  |  Timing|  -0.00|        0|   0.000|         -|        1|     -|        no|     -|   -|  69 (~0%)|  302 (~0%)|    -|
    +-------------+--------+-------+---------+--------+----------+---------+------+----------+------+----+----------+-----------+-----+


================================================================
== HW Interfaces
================================================================
* Other Ports
+---------+---------+-----------+----------+
| Port    | Mode    | Direction | Bitwidth |
+---------+---------+-----------+----------+
| btn_in  | ap_none | in        | 1        |
| btn_out | ap_none | out       | 1        |
+---------+---------+-----------+----------+

* TOP LEVEL CONTROL
+-----------+--------------+--------+
| Interface | Type         | Ports  |
+-----------+--------------+--------+
| ap_clk    | clock        | ap_clk |
| ap_rst    | reset        | ap_rst |
| ap_ctrl   | ap_ctrl_none |        |
+-----------+--------------+--------+


================================================================
== SW I/O Information
================================================================
* Top Function Arguments
+----------+-----------+----------+
| Argument | Direction | Datatype |
+----------+-----------+----------+
| btn_in   | in        | bool     |
| btn_out  | out       | bool&    |
+----------+-----------+----------+

* SW-to-HW Mapping
+----------+--------------+---------+
| Argument | HW Interface | HW Type |
+----------+--------------+---------+
| btn_in   | btn_in       | port    |
| btn_out  | btn_out      | port    |
+----------+--------------+---------+


================================================================
== Bind Op Report
================================================================
+--------------------------+-----+--------+--------------+-----+--------+---------+
| Name                     | DSP | Pragma | Variable     | Op  | Impl   | Latency |
+--------------------------+-----+--------+--------------+-----+--------+---------+
| + debouncer              | 0   |        |              |     |        |         |
|   next_counter_fu_161_p2 | -   |        | next_counter | add | fabric | 0       |
+--------------------------+-----+--------+--------------+-----+--------+---------+


================================================================
== Bind Storage Report
================================================================
  No bind storage info in design

================================================================
== Pragma Report
================================================================
* Valid Pragma Syntax
+-----------+--------------------------+---------------------------------------------------------------------------------------------------------------------+
| Type      | Options                  | Location                                                                                                            |
+-----------+--------------------------+---------------------------------------------------------------------------------------------------------------------+
| interface | ap_none port=btn_in      | ../../Users/khanh/Downloads/debouncer-vitishls-files/debouncer-vitishls-files/debouncer.cpp:5 in debouncer, btn_in  |
| interface | ap_none port=btn_out     | ../../Users/khanh/Downloads/debouncer-vitishls-files/debouncer-vitishls-files/debouncer.cpp:6 in debouncer, btn_out |
| interface | ap_ctrl_none port=return | ../../Users/khanh/Downloads/debouncer-vitishls-files/debouncer-vitishls-files/debouncer.cpp:7 in debouncer, return  |
+-----------+--------------------------+---------------------------------------------------------------------------------------------------------------------+


