

================================================================
== Vitis HLS Report for 'debouncer'
================================================================
* Date:           Wed Dec 11 12:59:18 2024

* Version:        2023.1 (Build 3854077 on May  4 2023)
* Project:        debouncer
* Solution:       solution1 (Vivado IP Flow Target)
* Product family: zynq
* Target device:  xc7z020-clg484-1


================================================================
== Performance Estimates
================================================================
+ Timing: 
    * Summary: 
    +--------+----------+----------+------------+
    |  Clock |  Target  | Estimated| Uncertainty|
    +--------+----------+----------+------------+
    |ap_clk  |  10.00 ns|  7.303 ns|     2.70 ns|
    +--------+----------+----------+------------+

+ Latency: 
    * Summary: 
    +---------+---------+----------+----------+-----+-----+---------+
    |  Latency (cycles) |  Latency (absolute) |  Interval | Pipeline|
    |   min   |   max   |    min   |    max   | min | max |   Type  |
    +---------+---------+----------+----------+-----+-----+---------+
    |        0|        0|      0 ns|      0 ns|    1|    1|       no|
    +---------+---------+----------+----------+-----+-----+---------+

    + Detail: 
        * Instance: 
        N/A

        * Loop: 
        N/A



================================================================
== Utilization Estimates
================================================================
* Summary: 
+-----------------+---------+-----+--------+-------+-----+
|       Name      | BRAM_18K| DSP |   FF   |  LUT  | URAM|
+-----------------+---------+-----+--------+-------+-----+
|DSP              |        -|    -|       -|      -|    -|
|Expression       |        -|    -|       0|    223|    -|
|FIFO             |        -|    -|       -|      -|    -|
|Instance         |        -|    -|       -|      -|    -|
|Memory           |        -|    -|       -|      -|    -|
|Multiplexer      |        -|    -|       -|     79|    -|
|Register         |        -|    -|      69|      -|    -|
+-----------------+---------+-----+--------+-------+-----+
|Total            |        0|    0|      69|    302|    0|
+-----------------+---------+-----+--------+-------+-----+
|Available        |      280|  220|  106400|  53200|    0|
+-----------------+---------+-----+--------+-------+-----+
|Utilization (%)  |        0|    0|      ~0|     ~0|    0|
+-----------------+---------+-----+--------+-------+-----+

+ Detail: 
    * Instance: 
    N/A

    * DSP: 
    N/A

    * Memory: 
    N/A

    * FIFO: 
    N/A

    * Expression: 
    +------------------------+----------+----+---+----+------------+------------+
    |      Variable Name     | Operation| DSP| FF| LUT| Bitwidth P0| Bitwidth P1|
    +------------------------+----------+----+---+----+------------+------------+
    |next_counter_fu_161_p2  |         +|   0|  0|  71|          64|           2|
    |and_ln48_fu_129_p2      |       and|   0|  0|   2|           1|           1|
    |and_ln52_fu_141_p2      |       and|   0|  0|   2|           1|           1|
    |icmp_ln48_fu_123_p2     |      icmp|   0|  0|  71|          64|           1|
    |icmp_ln52_fu_135_p2     |      icmp|   0|  0|  71|          64|           1|
    |select_ln52_fu_147_p3   |    select|   0|  0|   3|           1|           3|
    |select_ln62_fu_105_p3   |    select|   0|  0|   3|           1|           3|
    +------------------------+----------+----+---+----+------------+------------+
    |Total                   |          |   0|  0| 223|         196|          12|
    +------------------------+----------+----+---+----+------------+------------+

    * Multiplexer: 
    +-----------------------------------------+----+-----------+-----+-----------+
    |                   Name                  | LUT| Input Size| Bits| Total Bits|
    +-----------------------------------------+----+-----------+-----+-----------+
    |ap_phi_mux_next_counter_1_phi_fu_64_p10  |  20|          4|   64|        256|
    |ap_phi_mux_out_tmp_phi_fu_83_p10         |  14|          3|    1|          3|
    |ap_sig_allocacmp_next_state_load         |  25|          5|    2|         10|
    |next_state                               |  20|          4|    2|          8|
    +-----------------------------------------+----+-----------+-----+-----------+
    |Total                                    |  79|         16|   69|        277|
    +-----------------------------------------+----+-----------+-----+-----------+

    * Register: 
    +------------+----+----+-----+-----------+
    |    Name    | FF | LUT| Bits| Const Bits|
    +------------+----+----+-----+-----------+
    |ap_CS_fsm   |   1|   0|    1|          0|
    |counter     |  64|   0|   64|          0|
    |next_state  |   2|   0|    2|          0|
    |state       |   2|   0|    2|          0|
    +------------+----+----+-----+-----------+
    |Total       |  69|   0|   69|          0|
    +------------+----+----+-----+-----------+



================================================================
== Interface
================================================================
* Summary: 
+----------+-----+-----+--------------+--------------+--------------+
| RTL Ports| Dir | Bits|   Protocol   | Source Object|    C Type    |
+----------+-----+-----+--------------+--------------+--------------+
|ap_clk    |   in|    1|  ap_ctrl_none|     debouncer|  return value|
|ap_rst    |   in|    1|  ap_ctrl_none|     debouncer|  return value|
|btn_in    |   in|    1|       ap_none|        btn_in|        scalar|
|btn_out   |  out|    1|       ap_none|       btn_out|       pointer|
+----------+-----+-----+--------------+--------------+--------------+

